# 1、systemd查看日志文件有隐藏该如何处理

systemd统一管理所有Unit的启动日志，包含内核日志和应用日志。在默认情况下，systemd日志保存于`/run/log/journal`中，系统重启后会清除，这里面的日志文件是二进制形式保存的，不能直接用less等文本文件查看的方式查看内容。

> ```
> [root@localhost ~]# tree  /run/log/journal/
> /run/log/journal/
> └── 096b70cae8c04e3a89dbc8417f4a4d9f
>     ├── system@93d75ac306ef413bbdb32fbdcfddf96d-0000000000000001-0005887efba274bd.journal
>     └── system.journal
> 
> 1 directory, 2 files
> ```

可以使用下面这个命令来查看日志内容，由于一行可以显示很多内容，屏幕的列数可能无法显示完整，可以使用右方向键查看右边的内容。

> `journalctl`
>
> `- Query the systemd journal`
>
> ```
> [root@localhost ~]# journalctl
> -- Logs begin at Thu 2019-05-09 22:04:12 EDT, end at Wed 2019-05-22 01:40:01 EDT. --
> May 09 22:04:12 localhost.localdomain systemd-journal[337]: Runtime journal is using 6.1M (max 49.0M, leaving 73.5M of free 484.1M, current limit 49.0M).
> May 09 22:04:12 localhost.localdomain systemd-journal[337]: Runtime journal is using 6.1M (max 49.0M, leaving 73.5M of free 484.1M, current limit 49.0M).
> May 09 22:04:12 localhost.localdomain kernel: Initializing cgroup subsys cpuset
> May 09 22:04:12 localhost.localdomain kernel: Initializing cgroup subsys cpu
> May 09 22:04:12 localhost.localdomain kernel: Initializing cgroup subsys cpuacct
> May 09 22:04:12 localhost.localdomain kernel: Linux version 3.10.67 (root@localhost.localdomain) (gcc version 4.8.5 20150623 (Red Hat 4.8.5-36) (GCC) ) #1 SMP Mon May 6 10:05:48 EDT 2019
> May 09 22:04:12 localhost.localdomain kernel: Command line: BOOT_IMAGE=/vmlinuz-3.10.67 root=/dev/mapper/centos-root ro rd.lvm.lv=centos/root rd.lvm.lv=centos/swap rhgb quiet LANG=en_US.UTF-8 systemd.debug
> May 09 22:04:12 localhost.localdomain kernel: Disabled fast string operations
> May 09 22:04:12 localhost.localdomain kernel: e820: BIOS-provided physical RAM map:
> May 09 22:04:12 localhost.localdomain kernel: BIOS-e820: [mem 0x0000000000000000-0x000000000009ebff] usable
> May 09 22:04:12 localhost.localdomain kernel: BIOS-e820: [mem 0x000000000009ec00-0x000000000009ffff] reserved
> May 09 22:04:12 localhost.localdomain kernel: BIOS-e820: [mem 0x00000000000dc000-0x00000000000fffff] reserved
> May 09 22:04:12 localhost.localdomain kernel: BIOS-e820: [mem 0x0000000000100000-0x000000003fedffff] usable
> May 09 22:04:12 localhost.localdomain kernel: BIOS-e820: [mem 0x000000003fee0000-0x000000003fefefff] ACPI data
> May 09 22:04:12 localhost.localdomain kernel: BIOS-e820: [mem 0x000000003feff000-0x000000003fefffff] ACPI NVS
> May 09 22:04:12 localhost.localdomain kernel: BIOS-e820: [mem 0x000000003ff00000-0x000000003fffffff] usable
> May 09 22:04:12 localhost.localdomain kernel: BIOS-e820: [mem 0x00000000f0000000-0x00000000f7ffffff] reserved
> May 09 22:04:12 localhost.localdomain kernel: BIOS-e820: [mem 0x00000000fec00000-0x00000000fec0ffff] reserved
> May 09 22:04:12 localhost.localdomain kernel: BIOS-e820: [mem 0x00000000fee00000-0x00000000fee00fff] reserved
> May 09 22:04:12 localhost.localdomain kernel: BIOS-e820: [mem 0x00000000fffe0000-0x00000000ffffffff] reserved
> May 09 22:04:12 localhost.localdomain kernel: NX (Execute Disable) protection: active
> May 09 22:04:12 localhost.localdomain kernel: SMBIOS 2.4 present.
> May 09 22:04:12 localhost.localdomain kernel: DMI: VMware, Inc. VMware Virtual Platform/440BX Desktop Reference Platform, BIOS 6.00 05/20/2014
> May 09 22:04:12 localhost.localdomain kernel: Hypervisor detected: VMware
> May 09 22:04:12 localhost.localdomain kernel: e820: update [mem 0x00000000-0x00000fff] usable ==> reserved
> May 09 22:04:12 localhost.localdomain kernel: e820: remove [mem 0x000a0000-0x000fffff] usable
> May 09 22:04:12 localhost.localdomain kernel: No AGP bridge found
> May 09 22:04:12 localhost.localdomain kernel: e820: last_pfn = 0x40000 max_arch_pfn = 0x400000000
> May 09 22:04:12 localhost.localdomain kernel: MTRR default type: uncachable
> May 09 22:04:12 localhost.localdomain kernel: MTRR fixed ranges enabled:
> May 09 22:04:12 localhost.localdomain kernel:   00000-9FFFF write-back
> May 09 22:04:12 localhost.localdomain kernel:   A0000-BFFFF uncachable
> May 09 22:04:12 localhost.localdomain kernel:   C0000-CBFFF write-protect
> May 09 22:04:12 localhost.localdomain kernel:   CC000-EFFFF uncachable
> May 09 22:04:12 localhost.localdomain kernel:   F0000-FFFFF write-protect
> May 09 22:04:12 localhost.localdomain kernel: MTRR variable ranges enabled:
> May 09 22:04:12 localhost.localdomain kernel:   0 base 00000000000 mask 3FFC0000000 write-back
> May 09 22:04:12 localhost.localdomain kernel:   1 disabled
> May 09 22:04:12 localhost.localdomain kernel:   2 disabled
> May 09 22:04:12 localhost.localdomain kernel:   3 disabled
> May 09 22:04:12 localhost.localdomain kernel:   4 disabled
> May 09 22:04:12 localhost.localdomain kernel:   5 disabled
> May 09 22:04:12 localhost.localdomain kernel:   6 disabled
> May 09 22:04:12 localhost.localdomain kernel:   7 disabled
> May 09 22:04:12 localhost.localdomain kernel: x86 PAT enabled: cpu 0, old 0x7040600070406, new 0x7010600070106
> May 09 22:04:12 localhost.localdomain kernel: found SMP MP-table at [mem 0x000f6b30-0x000f6b3f] mapped at [ffff8800000f6b30]
> May 09 22:04:12 localhost.localdomain kernel: Base memory trampoline at [ffff880000098000] 98000 size 24576
> May 09 22:04:12 localhost.localdomain kernel: Using GB pages for direct mapping
> May 09 22:04:12 localhost.localdomain kernel: init_memory_mapping: [mem 0x00000000-0x000fffff]
> May 09 22:04:12 localhost.localdomain kernel:  [mem 0x00000000-0x000fffff] page 4k
> May 09 22:04:12 localhost.localdomain kernel: BRK [0x01dea000, 0x01deafff] PGTABLE
> May 09 22:04:12 localhost.localdomain kernel: BRK [0x01deb000, 0x01debfff] PGTABLE
> May 09 22:04:12 localhost.localdomain kernel: BRK [0x01dec000, 0x01decfff] PGTABLE
> May 09 22:04:12 localhost.localdomain kernel: init_memory_mapping: [mem 0x3fc00000-0x3fdfffff]
> May 09 22:04:12 localhost.localdomain kernel:  [mem 0x3fc00000-0x3fdfffff] page 2M
> May 09 22:04:12 localhost.localdomain kernel: init_memory_mapping: [mem 0x3c000000-0x3fbfffff]
> ```

日志文件还有更详细的信息，使用下面这个参数 显示隐藏字段

> `journalctl  -o verbose`
>
> ```
> [root@localhost ~]# journalctl  -o verbose
> -- Logs begin at Thu 2019-05-09 22:04:12 EDT, end at Wed 2019-05-22 01:50:01 EDT. --
> Thu 2019-05-09 22:04:12.538045 EDT [s=93d75ac306ef413bbdb32fbdcfddf96d;i=1;b=6fa28f9778554b6c85b218f162fd31ea;m=1010eb;t=5887efba274bd;x=9b8559b051e075ab]
>     PRIORITY=6
>     _TRANSPORT=driver
>     MESSAGE=Runtime journal is using 6.1M (max 49.0M, leaving 73.5M of free 484.1M, current limit 49.0M).
>     MESSAGE_ID=ec387f577b844b8fa948f33cad9a75e6
>     _PID=337
>     _UID=0
>     _GID=0
>     _COMM=systemd-journal
>     _EXE=/usr/lib/systemd/systemd-journald
>     _CMDLINE=/usr/lib/systemd/systemd-journald
>     _CAP_EFFECTIVE=4402800cf
>     _SYSTEMD_CGROUP=/system.slice/systemd-journald.service
>     _SYSTEMD_UNIT=systemd-journald.service
>     _SYSTEMD_SLICE=system.slice
>     _SELINUX_CONTEXT=kernel
>     _BOOT_ID=6fa28f9778554b6c85b218f162fd31ea
>     _MACHINE_ID=096b70cae8c04e3a89dbc8417f4a4d9f
>     _HOSTNAME=localhost.localdomain
> Thu 2019-05-09 22:04:12.538251 EDT [s=93d75ac306ef413bbdb32fbdcfddf96d;i=2;b=6fa28f9778554b6c85b218f162fd31ea;m=1011ba;t=5887efba2758b;x=9b8559b051e075ab]
>     PRIORITY=6
>     _TRANSPORT=driver
>     MESSAGE=Runtime journal is using 6.1M (max 49.0M, leaving 73.5M of free 484.1M, current limit 49.0M).
>     MESSAGE_ID=ec387f577b844b8fa948f33cad9a75e6
>     _PID=337
>     _UID=0
>     _GID=0
>     _COMM=systemd-journal
>     _EXE=/usr/lib/systemd/systemd-journald
>     _CMDLINE=/usr/lib/systemd/systemd-journald
>     _CAP_EFFECTIVE=4402800cf
>     _SYSTEMD_CGROUP=/system.slice/systemd-journald.service
>     _SYSTEMD_UNIT=systemd-journald.service
>     _SYSTEMD_SLICE=system.slice
>     _SELINUX_CONTEXT=kernel
>     _BOOT_ID=6fa28f9778554b6c85b218f162fd31ea
>     _MACHINE_ID=096b70cae8c04e3a89dbc8417f4a4d9f
>     _HOSTNAME=localhost.localdomain
> Thu 2019-05-09 22:04:12.538275 EDT [s=93d75ac306ef413bbdb32fbdcfddf96d;i=3;b=6fa28f9778554b6c85b218f162fd31ea;m=1011d2;t=5887efba275a3;x=84092f7d2dc938bf]
>     PRIORITY=6
>     _BOOT_ID=6fa28f9778554b6c85b218f162fd31ea
>     _MACHINE_ID=096b70cae8c04e3a89dbc8417f4a4d9f
>     _HOSTNAME=localhost.localdomain
>     _SOURCE_MONOTONIC_TIMESTAMP=0
>     _TRANSPORT=kernel
>     SYSLOG_FACILITY=0
>     SYSLOG_IDENTIFIER=kernel
>     MESSAGE=Initializing cgroup subsys cpuset
> Thu 2019-05-09 22:04:12.538286 EDT [s=93d75ac306ef413bbdb32fbdcfddf96d;i=4;b=6fa28f9778554b6c85b218f162fd31ea;m=1011dd;t=5887efba275ae;x=5ca39f07cddf4e38]
>     PRIORITY=6
>     _BOOT_ID=6fa28f9778554b6c85b218f162fd31ea
>     _MACHINE_ID=096b70cae8c04e3a89dbc8417f4a4d9f
>     _HOSTNAME=localhost.localdomain
>     _SOURCE_MONOTONIC_TIMESTAMP=0
>     _TRANSPORT=kernel
>     SYSLOG_FACILITY=0
> ```

还可以使用 `-o` 或 `--output=STRING` 来改变journal命令输出的模式：

>      -o, --output=
>            Controls the formatting of the journal entries that are shown. Takes one of the following options:
>     
>            short
>                is the default and generates an output that is mostly identical to the formatting of classic syslog files, showing one line per journal entry.
>     
>            short-iso
>                is very similar, but shows ISO 8601 wallclock timestamps.
>     
>            short-precise
>                is very similar, but shows timestamps with full microsecond precision.
>     
>            short-monotonic
>                is very similar, but shows monotonic timestamps instead of wallclock timestamps.
>     
>            verbose
>                shows the full-structured entry items with all fields.
>     
>            export
>                serializes the journal into a binary (but mostly text-based) stream suitable for backups and network transfer (see Journal Export Format[1] for more information).
>     
>            json
>                formats entries as JSON data structures, one per line (see Journal JSON Format[2] for more information).
>     
>            json-pretty
>                formats entries as JSON data structures, but formats them in multiple lines in order to make them more readable for humans.
>     
>            json-sse
>                formats entries as JSON data structures, but wraps them in a format suitable for Server-Sent Events[3].
>     
>            cat
>                generates a very terse output only showing the actual message of each journal entry with no meta data, not even a timestamp.

# 2、自己动手写一个systemd的配置文件， 让nginx服务可以开机启动

## service unit file：

### 文件通常由三部分组成：

> 	[Unit]: 定义与Unit类型无关的通用选项；用于提供unit的描述信息、unit行为及依赖关系等；
> 	[Service]：与特定类型相关的专用选项；此处为service类型；
> 	[Install]：定义由"systemctl enable"以及"systemctl disable"命令在实现服务启用或禁用时用到的一些选项；

### Unit段的常用选项：

> ```
> Description：描述信息；意义性描述；
> After：定义unit的启动次序；表示当前unit应该晚于哪些unit启动；其功能与Before相反；
> Requires：依赖到的其它units；强依赖，被依赖的units无法激活时，当前unit即无法激活；
> Wants：依赖到的其它units；弱依赖；
> Conflicts：定义units间的冲突关系；
> ```

### Service段的常用选项：

> ```
> Type：用于定义影响ExecStart及相关参数的功能的unit进程启动类型；
> 	类型：
> 		simple：默认为此类型，表示 ExecStart所启动的进程是主进程；
> 		forking：表示 由ExecStart指明的程序所启动的进程，生成的一个子进程将成为主进程，且启动完成后父进程会退出；
> 		oneshot：功能类似于simple，在启动后续的units之前，当前进程将会退出；
> 		dbus：类似于simple，后续的units仅在主进程得到dbus名称之后才能启动；
> 		notify：类似于simple，表示后续的units仅在notify函数发送一个通知以后才能运行命令；
> 		idle：类似于simple；
> EnvironmentFile：环境配置文件；		
> ExecStart：指明启动unit要运行命令或脚本；ExecStartPre, ExecStartPost
> ExecStop: 指明停止unit要运行的命令或脚本；
> Restart: 表示启动了此项会导致进程退出后会重新启动相关服务；
> ```

### Install段的常用选项：

> ```
> Alias：当前unit的别名；
> RequiredBy：被哪些units所依赖；
> WantedBy：被哪些units所依赖；
> ```

## 自定义nginx服务的systemd的配置文件，并设置开机启动：

### 1、在 `/etc/systemd/system` 目录下创建 `nginx.service` 文件，并编辑内容如下

> ```
> [Unit]
> Description=nginx - high performance web server
> After=network.target remote-fs.target nss-lookup.target
> 
> [Service]
> Type=forking
> ExecStart=/usr/local/nginx/sbin/nginx -c /usr/local/nginx/conf/nginx.conf
> ExecReload=/usr/local/nginx/sbin/nginx -s reload
> ExecStop=/usr/local/nginx/sbin/nginx -s stop
> 
> [Install]
> WantedBy=multi-user.target
> ```

### 2、设置开机自启动

> ```
> systemctl enable nginx.service
> ```

### 3、启动服务

> ```
> systemctl start nginx.service
> ```

# 3、SIGHUP、SIGQUIT、SIGTERM、SIGINTERRUPT的区别

通过命令`man 7 signal`来查看每个信号的含义：

> signal - overview of signals
>
> ```
>        Signal     Value     Action   Comment
>        ──────────────────────────────────────────────────────────────────────
>        SIGHUP        1       Term    Hangup detected on controlling terminal
>                                      or death of controlling process
>        SIGINT        2       Term    Interrupt from keyboard
>        SIGQUIT       3       Core    Quit from keyboard
>        SIGILL        4       Core    Illegal Instruction
>        SIGABRT       6       Core    Abort signal from abort(3)
>        SIGFPE        8       Core    Floating point exception
>        SIGKILL       9       Term    Kill signal
>        SIGSEGV      11       Core    Invalid memory reference
>        SIGPIPE      13       Term    Broken pipe: write to pipe with no
>                                      readers
>        SIGALRM      14       Term    Timer signal from alarm(2)
>        SIGTERM      15       Term    Termination signal
>        SIGUSR1   30,10,16    Term    User-defined signal 1
>        SIGUSR2   31,12,17    Term    User-defined signal 2
>        SIGCHLD   20,17,18    Ign     Child stopped or terminated
>        SIGCONT   19,18,25    Cont    Continue if stopped
>        SIGSTOP   17,19,23    Stop    Stop process
>        SIGTSTP   18,20,24    Stop    Stop typed at terminal
>        SIGTTIN   21,21,26    Stop    Terminal input for background process
>        SIGTTOU   22,22,27    Stop    Terminal output for background process
> ```

**SIGHUP**： 

> 控制终端关闭或控制进程退出时，终端会话内的子进程与控制进程的子进程都会收到这样的信号，系统对SIGHUP信号的默认处理是终止收到该信号的进程。所以若程序中没有捕捉该信号，当收到该信号时，进程就会退出。

**SIGQUIT**：  

> 和SIGINT类似, 但由QUIT字符(通常是Ctrl-\  )来控制. 进程在因收到SIGQUIT退出时会产生core文件, 类似于一个程序错误信号。

**SIGTERM**：

> 程序结束(terminate)信号, 与SIGKILL不同的是该信号可以被阻塞和处理。通常用来要求程序自己正常退出，shell命令kill缺省产生这个信号。如果进程终止不了，我们才会尝试SIGKILL，就是我们有时使用`kill -9 pid`来强行杀死进程。

**SIGINTERRUPT**：

>    程序终止(interrupt)信号, 在用户键入INTR字符(通常是Ctrl-C)时发出，用于通知前台进程组终止进程。

# 4、用awk查看tcp连接处于TIMEOUT的连接个数

`~]# netstat -tan | awk '/^tcp\>/{if($NF == "TIMEOUT") sum++}END{print sum}'`

> 说明如下：netstat -tan 可以显示当前所有tcp网络连接。awk 是按行处理的文本处理程序 
> /^tcp\>/表示以tcp单词开头的行，这些行都是tcp连接，因为有些行是tcp6所以加上>来锚定词尾。
> $NF=="TIMEOUT" 这个条件中$NF表示每一行的最后一列，因为NF是一行最大的列数，如果一行有3列值，则NF为3，$NF就表示最后一列。因网络连接的状态值在netstat -tan 输出内容里面为最后一列。所以要用$NF来取出网络连接状态，然后用==与"TIMEOUT"进行比较。如果相等就执行后面的sum++表示sum自增值，我们要统计这一状态的连接数就要这样做。注意这里要用==而不是一个=号，要不然会变成赋值而不是比较。
> END{print sum} 表示处理完所有的行，然后执行打印sum的值。